stm32f7xx_it.c:97:6:NMI_Handler	0	static
stm32f7xx_it.c:109:6:HardFault_Handler	8	static
stm32f7xx_it.c:124:6:MemManage_Handler	8	static
stm32f7xx_it.c:139:6:BusFault_Handler	8	static
stm32f7xx_it.c:154:6:UsageFault_Handler	8	static
stm32f7xx_it.c:169:6:DebugMon_Handler	0	static
stm32f7xx_it.c:181:6:SysTick_Handler	8	static
stm32f7xx_it.c:210:6:EXTI15_10_IRQHandler	0	static
stm32f7xx_it.c:224:6:UART7_IRQHandler	0	static
stm32f7xx_it.c:238:6:LTDC_IRQHandler	0	static
stm32f7xx_it.c:252:6:DMA2D_IRQHandler	8	static
