Application_2.c:1426:6:Application_2screenLight_changeColorMaster	16	static
Application_2.c:1438:6:Application_2screenLight_changeColorNight	16	static
Application_2.c:1450:6:Application_2screenLight_changeColorRead	16	static
Application_2.c:1462:6:Application_2screenLight_changLight	16	static
Application_2.c:578:6:Application_2Application_slotSetAlarm	24	static
Application_2.c:496:6:Application_2Application_LightFunction	16	static
Application_2.c:550:6:Application_2Application_AirFunction	16	static
Application_2.c:564:6:Application_2Application_AlarmFunction	16	static
Application_2.c:679:6:Application_2background_UpdateLayout	8	static
Application_2.c:961:6:Application_2AirScreen_UpdateLayout	8	static
Application_2.c:1399:6:Application_2screenLight_UpdateLayout	8	static
Application_2.c:699:6:Application_2background_UpdateViewState	0	static
Application_2.c:980:6:Application_2AirScreen_UpdateViewState	0	static
Application_2.c:1419:6:Application_2screenLight_UpdateViewState	0	static
Application_2.c:626:6:Application_2background__Init	32	static
Application_2.c:650:6:Application_2background__ReInit	8	static
Application_2.c:890:6:Application_2AirScreen__ReInit	8	static
Application_2.c:660:6:Application_2background__Done	8	static
Application_2.c:921:6:Application_2AirScreen__Done	8	static
Application_2.c:1000:6:Application_2AirScreen_down1	8	static
Application_2.c:1023:6:Application_2AirScreen_up1	8	static
Application_2.c:1044:6:Application_2AirScreen_Off	8	static
Application_2.c:1093:6:Application_2AirScreen_OffSpeed	8	static
Application_2.c:731:6:Application_2AirScreen__Init	128	static
Application_2.c:987:6:Application_2AirScreen_down	8	static
Application_2.c:1010:6:Application_2AirScreen_up	8	static
Application_2.c:1033:6:Application_2AirScreen_On	8	static
Application_2.c:1054:6:Application_2AirScreen_OnSpeed	48	static
Application_2.c:1206:6:Application_2screenLight__Init	128	static
Application_2.c:211:6:Application_2Application__Init	176	static
Application_2.c:1334:6:Application_2screenLight__ReInit	8	static
Application_2.c:415:6:Application_2Application__ReInit	8	static
Application_2.c:1362:6:Application_2screenLight__Done	8	static
Application_2.c:454:6:Application_2Application__Done	16	static
Application_2.c:510:6:Application_2Application_Exit	40	static
