Core.c:152:6:CoreView_initLayoutContext	0	static
Core.c:248:6:CoreView_Draw	0	static
Core.c:282:9:CoreView_HandleEvent	0	static
Core.c:328:15:CoreView_CursorHitTest	4	static
Core.c:366:8:CoreView_ArrangeView	4	static
Core.c:393:6:CoreView_MoveView	8	static
Core.c:410:7:CoreView_GetExtent	0	static
Core.c:1874:7:CoreRectView_GetExtent	4	static
Core.c:2842:6:CoreGroup_UpdateLayout	8	static
Core.c:2869:6:CoreGroup_UpdateViewState	0	static
Core.c:3314:10:CoreRoot_GetRoot	0	static
Core.c:6358:15:TimerProc	0	static
Core.c:118:6:CoreView__Init	8	static
Core.c:508:6:CoreLineView__Init	8	static
Core.c:978:6:CoreQuadView__Init	8	static
Core.c:5387:6:CoreSimpleTouchHandler__Init	16	static
Core.c:1579:6:CoreRectView__Init	8	static
Core.c:5221:6:CoreOutline__Init	8	static
Core.c:5951:6:CoreCursorHit__Init	8	static
Core.c:6006:6:CoreModalContext__Init	8	static
Core.c:6045:6:CoreLayoutContext__Init	8	static
Core.c:6084:6:CoreLayoutLineContext__Init	8	static
Core.c:6123:6:CoreLayoutQuadContext__Init	8	static
Core.c:6162:6:CoreDialogContext__Init	8	static
Core.c:6201:6:CoreTaskQueue__Init	8	static
Core.c:6240:6:CoreTask__Init	8	static
Core.c:6365:6:CoreTimer__Init	8	static
Core.c:135:6:CoreView__ReInit	0	static
Core.c:523:6:CoreLineView__ReInit	0	static
Core.c:993:6:CoreQuadView__ReInit	0	static
Core.c:5410:6:CoreSimpleTouchHandler__ReInit	0	static
Core.c:1594:6:CoreRectView__ReInit	0	static
Core.c:1960:6:CoreGroup__ReInit	0	static
Core.c:5239:6:CoreOutline__ReInit	0	static
Core.c:4654:6:CoreEvent__ReInit	0	static
Core.c:4716:6:CoreKeyEvent__ReInit	0	static
Core.c:4956:6:CoreCursorGrabEvent__ReInit	0	static
Core.c:5044:6:CoreCursorEvent__ReInit	0	static
Core.c:5168:6:CoreDragEvent__ReInit	0	static
Core.c:5865:6:CoreKeyPressHandler__ReInit	0	static
Core.c:5964:6:CoreCursorHit__ReInit	0	static
Core.c:6019:6:CoreModalContext__ReInit	0	static
Core.c:6058:6:CoreLayoutContext__ReInit	0	static
Core.c:6097:6:CoreLayoutLineContext__ReInit	0	static
Core.c:6136:6:CoreLayoutQuadContext__ReInit	0	static
Core.c:6175:6:CoreDialogContext__ReInit	0	static
Core.c:6214:6:CoreTaskQueue__ReInit	0	static
Core.c:6253:6:CoreTask__ReInit	0	static
Core.c:6294:6:CoreResource__ReInit	0	static
Core.c:6381:6:CoreTimer__ReInit	0	static
Core.c:3287:6:CoreRoot__ReInit	8	static
Core.c:142:6:CoreView__Done	0	static
Core.c:530:6:CoreLineView__Done	0	static
Core.c:1000:6:CoreQuadView__Done	0	static
Core.c:5417:6:CoreSimpleTouchHandler__Done	0	static
Core.c:1601:6:CoreRectView__Done	0	static
Core.c:1967:6:CoreGroup__Done	0	static
Core.c:5246:6:CoreOutline__Done	0	static
Core.c:4661:6:CoreEvent__Done	0	static
Core.c:4723:6:CoreKeyEvent__Done	0	static
Core.c:4963:6:CoreCursorGrabEvent__Done	0	static
Core.c:5051:6:CoreCursorEvent__Done	0	static
Core.c:5175:6:CoreDragEvent__Done	0	static
Core.c:5872:6:CoreKeyPressHandler__Done	0	static
Core.c:5971:6:CoreCursorHit__Done	0	static
Core.c:6026:6:CoreModalContext__Done	0	static
Core.c:6065:6:CoreLayoutContext__Done	0	static
Core.c:6104:6:CoreLayoutLineContext__Done	0	static
Core.c:6143:6:CoreLayoutQuadContext__Done	0	static
Core.c:6182:6:CoreDialogContext__Done	0	static
Core.c:6221:6:CoreTaskQueue__Done	0	static
Core.c:6260:6:CoreTask__Done	0	static
Core.c:200:10:CoreView_GetRoot	16	static
Core.c:1611:6:CoreRectView_initLayoutContext	24	static
Core.c:1010:6:CoreQuadView_initLayoutContext	40	static
Core.c:1638:8:CoreRectView_ArrangeView	160	static
Core.c:1863:6:CoreRectView_MoveView	96	static
Core.c:1880:6:CoreRectView_OnSetBounds	80	static
Core.c:2062:15:CoreGroup_CursorHitTest	208	static
Core.c:2194:6:CoreGroup_OnSetBounds	88	static
Core.c:5293:6:CoreOutline_OnSetBounds	112	static
Core.c:2893:6:CoreGroup_InvalidateArea	112	static
Core.c:4638:6:CoreEvent__Init	8	static
Core.c:4703:6:CoreKeyEvent__Init	8	static
Core.c:4943:6:CoreCursorGrabEvent__Init	8	static
Core.c:5031:6:CoreCursorEvent__Init	8	static
Core.c:5155:6:CoreDragEvent__Init	8	static
Core.c:6301:6:CoreResource__Done	8	static
Core.c:6278:6:CoreResource__Init	16	static
Core.c:6388:6:CoreTimer__Done	8	static
Core.c:3297:6:CoreRoot__Done	8	static
Core.c:1318:7:CoreQuadView_GetExtent	32	static
Core.c:2614:6:CoreGroup_OnSetFocus	16	static
Core.c:3386:6:CoreRoot_OnSetFocus	0	static
Core.c:2949:10:CoreGroup_FindSiblingView.part.4	24	static
Core.c:436:6:CoreView_ChangeViewState	88	static
Core.c:2159:6:CoreGroup_ChangeViewState	32	static
Core.c:3371:6:CoreRoot_ChangeViewState	96	static
Core.c:3956:7:CoreRoot_DoesNeedUpdate.part.7	24	static
Core.c:4003:7:CoreRoot_SetRootFocus.part.8	8	static
Core.c:91:14:EwCheckIndex.part.1.constprop	16	static
Core.c:3483:6:CoreRoot_InvalidateArea	152	static
Core.c:5280:6:CoreOutline_Draw	0	static
Core.c:5451:6:CoreSimpleTouchHandler_Draw	0	static
Core.c:161:6:CoreView__initLayoutContext	24	static
Core.c:167:6:CoreView_OnSetLayout	80	static
Core.c:218:10:CoreView__GetRoot	0	static
Core.c:261:6:CoreView__Draw	48	static
Core.c:292:9:CoreView__HandleEvent	0	static
Core.c:343:15:CoreView__CursorHitTest	48	static
Core.c:377:8:CoreView__ArrangeView	32	static
Core.c:402:6:CoreView__MoveView	16	static
Core.c:419:7:CoreView__GetExtent	8	static
Core.c:484:6:CoreView__ChangeViewState	0	static
Core.c:846:7:CoreLineView_getExtent	24	static
Core.c:540:6:CoreLineView_initLayoutContext	40	static
Core.c:837:7:CoreLineView_GetExtent	8	static
Core.c:898:7:CoreLineView__getExtent	8	static
Core.c:904:6:CoreLineView_OnSetPoint2	112	static
Core.c:932:6:CoreLineView_OnSetPoint1	112	static
Core.c:570:8:CoreLineView_ArrangeView	136	static
Core.c:820:6:CoreLineView_MoveView	56	static
Core.c:1395:6:CoreQuadView_OnSetPoint4	112	static
Core.c:1423:6:CoreQuadView_OnSetPoint3	112	static
Core.c:1451:6:CoreQuadView_OnSetPoint2	112	static
Core.c:1479:6:CoreQuadView_OnSetPoint1	112	static
Core.c:1042:8:CoreQuadView_ArrangeView	152	static
Core.c:1297:6:CoreQuadView_MoveView	80	static
Core.c:1509:7:CoreQuadView_IsPointInside	80	static
Core.c:1551:7:CoreQuadView_HasRectShape	8	static
Core.c:5694:15:CoreSimpleTouchHandler_CursorHitTest	168	static
Core.c:1908:6:CoreRectView__OnSetBounds	24	static
Core.c:1914:7:CoreRectView_OnGetBounds	4	static
Core.c:2257:6:CoreGroup_drawContent	240	static
Core.c:2012:6:CoreGroup_Draw	104	static
Core.c:3344:6:CoreRoot_Draw	120	static
Core.c:2303:6:CoreGroup_recalculateLayout	304	static
Core.c:2590:6:CoreGroup_updateComponent	16	static
Core.c:2648:6:CoreGroup__OnSetFocus	0	static
Core.c:2654:7:CoreGroup_OnGetVisible	0	static
Core.c:2660:6:CoreGroup_OnSetVisible	0	static
Core.c:2672:8:CoreGroup_LocalPosition	32	static
Core.c:2731:9:CoreGroup__DispatchEvent	0	static
Core.c:2750:9:CoreGroup_BroadcastEventAtPosition	80	static
Core.c:2780:9:CoreGroup__BroadcastEventAtPosition	16	static
Core.c:2830:9:CoreGroup__BroadcastEvent	0	static
Core.c:2850:6:CoreGroup__UpdateLayout	16	static
Core.c:2877:6:CoreGroup__UpdateViewState	0	static
Core.c:2885:6:CoreGroup_InvalidateViewState	24	static
Core.c:1979:6:CoreGroup_Init	0	static
Core.c:1939:6:CoreGroup__Init	8	static
Core.c:2935:6:CoreGroup__InvalidateArea	24	static
Core.c:2949:10:CoreGroup_FindSiblingView	0	static
Core.c:2995:6:CoreGroup_RestackTop	80	static
Core.c:3071:6:CoreGroup_Remove	80	static
Core.c:3143:6:CoreGroup_Add	80	static
Core.c:3594:15:CoreRoot_createDragEvent	8	static
Core.c:3607:17:CoreRoot_createCursorEvent	8	static
Core.c:3620:21:CoreRoot_createCursorGrabEvent	8	static
Core.c:3702:8:CoreRoot_GetFPS	8	static
Core.c:3718:8:CoreRoot__GetFPS	0	static
Core.c:3774:6:CoreRoot_EndUpdate	0	static
Core.c:3784:6:CoreRoot__EndUpdate	0	static
Core.c:3799:7:CoreRoot_UpdateCanvas	184	static
Core.c:3831:7:CoreRoot__UpdateCanvas	24	static
Core.c:3842:7:CoreRoot_GetUpdateRegion	12	static
Core.c:3866:7:CoreRoot__GetUpdateRegion	8	static
Core.c:3883:8:CoreRoot_BeginUpdate	200	static
Core.c:3751:7:CoreRoot_UpdateGE20	48	static
Core.c:3728:7:CoreRoot_Update	40	static
Core.c:3739:7:CoreRoot__Update	8	static
Core.c:3764:7:CoreRoot__UpdateGE20	8	static
Core.c:3948:8:CoreRoot__BeginUpdate	0	static
Core.c:3956:7:CoreRoot_DoesNeedUpdate	0	static
Core.c:3973:7:CoreRoot__DoesNeedUpdate	0	static
Core.c:3982:10:CoreRoot_Initialize	88	static
Core.c:3997:10:CoreRoot__Initialize	8	static
Core.c:4003:7:CoreRoot_SetRootFocus	0	static
Core.c:4036:7:CoreRoot__SetRootFocus	0	static
Core.c:4048:6:CoreRoot_SetUserInputTimestamp	0	static
Core.c:4054:6:CoreRoot__SetUserInputTimestamp	0	static
Core.c:4195:7:CoreRoot_DriveMultiTouchMovement	160	static
Core.c:4174:7:CoreRoot_DriveCursorMovement	8	static
Core.c:4180:7:CoreRoot__DriveCursorMovement	24	static
Core.c:4263:7:CoreRoot__DriveMultiTouchMovement	16	static
Core.c:4671:6:CoreEvent_Init	8	static
Core.c:4682:9:CoreEvent_GetCurrentTime	0	static
Core.c:4738:14:CoreKeyEvent_Initialize2	4	static
Core.c:4803:14:CoreKeyEvent__Initialize2	0	static
Core.c:4814:14:CoreKeyEvent_Initialize	4	static
Core.c:4881:14:CoreKeyEvent__Initialize	0	static
Core.c:4892:7:CoreKeyEvent_IsCode	0	static
Core.c:4976:21:CoreCursorGrabEvent_InitializeUp	16	static
Core.c:4990:21:CoreCursorGrabEvent__InitializeUp	12	static
Core.c:5000:21:CoreCursorGrabEvent_InitializeDown	16	static
Core.c:5014:21:CoreCursorGrabEvent__InitializeDown	12	static
Core.c:5063:17:CoreCursorEvent_InitializeHold	48	static
Core.c:5079:17:CoreCursorEvent__InitializeHold	88	static
Core.c:5091:17:CoreCursorEvent_InitializeUp	48	static
Core.c:5108:17:CoreCursorEvent__InitializeUp	88	static
Core.c:5120:17:CoreCursorEvent_InitializeDown	48	static
Core.c:4547:6:CoreRoot_DeflectCursor	144	static
Core.c:4498:6:CoreRoot_RetargetCursorWithReason	120	static
Core.c:5477:9:CoreSimpleTouchHandler_HandleEvent	96	static
Core.c:5137:17:CoreCursorEvent__InitializeDown	24	static
Core.c:5187:15:CoreDragEvent_Initialize	48	static
Core.c:5203:15:CoreDragEvent__Initialize	96	static
Core.c:5774:6:CoreSimpleTouchHandler_OnSetRetargetDelay	0	static
Core.c:5784:6:CoreSimpleTouchHandler_OnSetRetargetOffset	0	static
Core.c:5794:6:CoreSimpleTouchHandler_OnSetLimitToFinger	0	static
Core.c:5807:6:CoreSimpleTouchHandler_OnSetMaxStrikeCount	0	static
Core.c:5817:6:CoreSimpleTouchHandler_OnSetEnabled	0	static
Core.c:5882:6:CoreKeyPressHandler_Init	8	static
Core.c:5845:6:CoreKeyPressHandler__Init	16	static
Core.c:5902:7:CoreKeyPressHandler_HandleEvent	24	static
Core.c:2241:9:CoreGroup_processKeyHandlers	16	static
Core.c:2696:9:CoreGroup_DispatchEvent	24	static
Core.c:2800:9:CoreGroup_BroadcastEvent	24	static
Core.c:3464:9:CoreRoot_BroadcastEvent	8	static
Core.c:3403:9:CoreRoot_DispatchEvent	16	static
Core.c:4068:7:CoreRoot_DriveKeyboardHitting	48	static
Core.c:4158:7:CoreRoot__DriveKeyboardHitting	0	static
Core.c:5987:15:CoreCursorHit_Initialize	16	static
Core.c:6314:6:CoreResource_Done	8	static
Core.c:6330:6:CoreResource_Init	16	static
Core.c:6401:6:CoreTimer_Done	8	static
Core.c:6412:6:CoreTimer_restart	24	static
Core.c:3262:6:CoreRoot__Init	32	static
Core.c:6476:6:CoreTimer_OnSetEnabled.part.14	8	static
Core.c:3633:6:CoreRoot_cursorHoldTimerProc	144	static
Core.c:4303:7:CoreRoot_DriveMultiTouchHitting	296	static
Core.c:4279:7:CoreRoot_DriveCursorHitting	16	static
Core.c:4286:7:CoreRoot__DriveCursorHitting	24	static
Core.c:4461:7:CoreRoot__DriveMultiTouchHitting	16	static
Core.c:6510:6:CoreTimer_Trigger	8	static
Core.c:6446:6:CoreTimer_OnSetPeriod	0	static
Core.c:6461:6:CoreTimer_OnSetBegin	0	static
Core.c:6476:6:CoreTimer_OnSetEnabled	0	static
Core.c:6494:9:CoreTimer_GetCurrentTime	0	static
Core.c:6521:6:CoreTimer__Trigger	0	static
