Effects.c:808:6:EffectsEffect_Animate	0	static
Effects.c:60:6:EffectsEffect__Init	16	static
Effects.c:832:6:EffectsRectEffect__Init	16	static
Effects.c:960:6:EffectsTimingList__Init	8	static
Effects.c:83:6:EffectsEffect__ReInit	0	static
Effects.c:848:6:EffectsRectEffect__ReInit	0	static
Effects.c:973:6:EffectsTimingList__ReInit	0	static
Effects.c:90:6:EffectsEffect__Done	0	static
Effects.c:855:6:EffectsRectEffect__Done	0	static
Effects.c:980:6:EffectsTimingList__Done	0	static
Effects.c:865:6:EffectsRectEffect_Animate	72	static
Effects.c:893:6:EffectsEffectTimerClass__Init	8	static
Effects.c:906:6:EffectsEffectTimerClass__ReInit	0	static
Effects.c:913:6:EffectsEffectTimerClass__Done	0	static
Effects.c:926:6:EffectsEffectTimerClass_Trigger	8	static
Effects.c:949:6:EffectsEffectTimer__Init	8	static
Effects.c:42:14:EwCheckIndex.part.0.constprop	16	static
Effects.c:143:6:EffectsEffect_run	64	static
Effects.c:503:7:EffectsEffect_runRevRev	24	static
Effects.c:564:7:EffectsEffect_runRevFwd	24	static
Effects.c:624:7:EffectsEffect_runFwdRev	24	static
Effects.c:684:7:EffectsEffect_runFwdFwd	24	static
Effects.c:745:6:EffectsEffect_OnSetReversed	8	static
Effects.c:764:6:EffectsEffect_OnSetNoOfCycles	0	static
Effects.c:773:6:EffectsEffect_OnSetCycleDuration	0	static
Effects.c:783:6:EffectsEffect_OnSetEnabled	40	static
Effects.c:100:6:EffectsEffect_timerSlot	8	static
Effects.c:816:6:EffectsEffect__Animate	0	static
