Graphics.c:72:6:GraphicsCanvas__Init	8	static
Graphics.c:88:6:GraphicsCanvas__ReInit	0	static
Graphics.c:124:6:GraphicsCanvas_OnSetFrameSize	32	static
Graphics.c:95:6:GraphicsCanvas__Done	0	static
Graphics.c:108:6:GraphicsCanvas_Done	0	static
Graphics.c:115:6:GraphicsCanvas_Init	0	static
Graphics.c:203:16:GraphicsCanvas_DetachBitmap	8	static
Graphics.c:221:16:GraphicsCanvas__DetachBitmap	8	static
Graphics.c:230:16:GraphicsCanvas_AttachBitmap	16	static
Graphics.c:266:16:GraphicsCanvas__AttachBitmap	0	static
Graphics.c:293:6:GraphicsCanvas_DrawText	64	static
Graphics.c:358:6:GraphicsCanvas_DrawBitmapFrame	136	static
Graphics.c:414:6:GraphicsCanvas_WarpBitmap	136	static
Graphics.c:511:6:GraphicsCanvas_ScaleBitmap	88	static
Graphics.c:568:6:GraphicsCanvas_CopyBitmap	96	static
Graphics.c:605:6:GraphicsCanvas_DrawBorder	72	static
Graphics.c:634:6:GraphicsCanvas_FillRectangle	72	static
Graphics.c:153:6:GraphicsCanvas_Update	96	static
Graphics.c:655:6:GraphicsCanvas_DrawThickLine	176	static
Graphics.c:752:6:GraphicsCanvas_DrawLine	64	static
