Views.c:61:6:ViewsLine__Init	8	static
Views.c:80:6:ViewsLine__ReInit	0	static
Views.c:87:6:ViewsLine__Done	0	static
Views.c:121:6:ViewsLine_Draw	112	static
Views.c:153:7:ViewsLine_GetExtent	120	static
Views.c:251:6:ViewsLine_observerSlot	40	static
Views.c:810:6:ViewsFrame_observerSlot	16	static
Views.c:319:6:ViewsRectangle__Init	8	static
Views.c:473:6:ViewsBorder__Init	8	static
Views.c:613:6:ViewsFrame__Init	16	static
Views.c:984:6:ViewsImage__Init	16	static
Views.c:1451:6:ViewsText__Init	16	static
Views.c:338:6:ViewsRectangle__ReInit	0	static
Views.c:493:6:ViewsBorder__ReInit	0	static
Views.c:637:6:ViewsFrame__ReInit	0	static
Views.c:1008:6:ViewsImage__ReInit	0	static
Views.c:1473:6:ViewsText__ReInit	0	static
Views.c:345:6:ViewsRectangle__Done	0	static
Views.c:500:6:ViewsBorder__Done	0	static
Views.c:644:6:ViewsFrame__Done	0	static
Views.c:1015:6:ViewsImage__Done	0	static
Views.c:379:6:ViewsRectangle_Draw	136	static
Views.c:534:6:ViewsBorder_Draw	144	static
Views.c:678:6:ViewsFrame_Draw	192	static
Views.c:821:6:ViewsFrame_timerSlot	40	static
Views.c:1145:6:ViewsImage_timerSlot	40	static
Views.c:1747:6:ViewsText_preOnUpdateSlot	0	static
Views.c:1756:6:ViewsText_preReparseSlot	24	static
Views.c:1687:6:ViewsText_OnSetBounds	80	static
Views.c:1480:6:ViewsText__Done	8	static
Views.c:889:6:ViewsFrame_OnSetAnimated.part.0	48	static
Views.c:1213:6:ViewsImage_OnSetAnimated.part.1	48	static
Views.c:262:6:ViewsLine_OnSetWidth	80	static
Views.c:405:6:ViewsRectangle_OnSetColorBL	24	static
Views.c:418:6:ViewsRectangle_OnSetColorBR	24	static
Views.c:431:8:ViewsRectangle_OnGetColor	16	static
Views.c:437:6:ViewsRectangle_OnSetColor	24	static
Views.c:561:6:ViewsBorder_OnSetWidth	16	static
Views.c:577:6:ViewsBorder_OnSetColor	24	static
Views.c:872:6:ViewsFrame_OnSetColor	24	static
Views.c:889:6:ViewsFrame_OnSetAnimated	0	static
Views.c:918:6:ViewsFrame_OnSetFrameNumber	16	static
Views.c:937:6:ViewsFrame_OnSetBitmap	40	static
Views.c:1196:6:ViewsImage_OnSetColor	24	static
Views.c:1213:6:ViewsImage_OnSetAnimated	0	static
Views.c:1242:6:ViewsImage_OnSetAlignment	16	static
Views.c:1255:6:ViewsImage_OnSetFrameNumber	16	static
Views.c:1307:6:ViewsImage_OnSetVisible	0	static
Views.c:1320:7:ViewsImage_GetContentArea	232	static
Views.c:1049:6:ViewsImage_Draw	304	static
Views.c:1129:6:ViewsImage_observerSlot	72	static
Views.c:1274:6:ViewsImage_OnSetBitmap	88	static
Views.c:1493:6:ViewsText_Done	8	static
Views.c:1722:6:ViewsText_freeBidi	0	static
Views.c:1734:9:ViewsText_createBidi	0	static
Views.c:2101:6:ViewsText_OnSetEnableBidiText	24	static
Views.c:2114:6:ViewsText_OnSetEllipsis	24	static
Views.c:2159:6:ViewsText_OnSetWrapText	24	static
Views.c:2180:6:ViewsText_OnSetAlignment	40	static
Views.c:2203:6:ViewsText_OnSetString	24	static
Views.c:2215:6:ViewsText_OnSetFont	24	static
Views.c:2227:8:ViewsText_OnGetColor	16	static
Views.c:2233:6:ViewsText_OnSetColor	24	static
Views.c:2253:7:ViewsText_IsBaseDirectionRTL	24	static
Views.c:2275:7:ViewsText_IsBidiText	24	static
Views.c:2297:7:ViewsText_GetContentArea	208	static
Views.c:1527:6:ViewsText_Draw	304	static
Views.c:1765:6:ViewsText_reparseSlot	200	static
Views.c:2126:6:ViewsText_OnSetAutoSize	112	static
