WidgetSet.c:435:6:WidgetSetWidgetConfig__Init	8	static
WidgetSet.c:107:6:WidgetSetPushButtonConfig__Init	16	static
WidgetSet.c:448:6:WidgetSetWidgetConfig__ReInit	0	static
WidgetSet.c:144:6:WidgetSetPushButtonConfig__ReInit	0	static
WidgetSet.c:455:6:WidgetSetWidgetConfig__Done	0	static
WidgetSet.c:151:6:WidgetSetPushButtonConfig__Done	0	static
WidgetSet.c:465:6:WidgetSetWidgetConfig_onInvalidate	0	static
WidgetSet.c:483:6:WidgetSetPushButton__Init	40	static
WidgetSet.c:528:6:WidgetSetPushButton__ReInit	8	static
WidgetSet.c:540:6:WidgetSetPushButton__Done	8	static
WidgetSet.c:555:6:WidgetSetPushButton_OnSetBounds	72	static
WidgetSet.c:631:6:WidgetSetPushButton_UpdateViewState	152	static
WidgetSet.c:892:6:WidgetSetPushButton_onConfigChanged	16	static
WidgetSet.c:919:6:WidgetSetPushButton_onFlashTimer	8	static
WidgetSet.c:977:6:WidgetSetPushButton_onLeaveTouch	8	static
WidgetSet.c:987:6:WidgetSetPushButton_onEnterTouch	8	static
WidgetSet.c:957:6:WidgetSetPushButton_onPressKey	8	static
WidgetSet.c:1028:6:WidgetSetPushButton_onPressTouch	16	static
WidgetSet.c:997:6:WidgetSetPushButton_onReleaseTouch	16	static
WidgetSet.c:205:6:WidgetSetPushButtonConfig_OnSetLabelMarginBottom.part.2	24	static
WidgetSet.c:216:6:WidgetSetPushButtonConfig_OnSetLabelMarginTop.part.3	24	static
WidgetSet.c:227:6:WidgetSetPushButtonConfig_OnSetLabelMarginRight.part.4	24	static
WidgetSet.c:238:6:WidgetSetPushButtonConfig_OnSetLabelMarginLeft.part.5	24	static
WidgetSet.c:271:6:WidgetSetPushButtonConfig_OnSetIconMarginBottom.part.6	24	static
WidgetSet.c:282:6:WidgetSetPushButtonConfig_OnSetIconMarginTop.part.7	24	static
WidgetSet.c:293:6:WidgetSetPushButtonConfig_OnSetIconMarginRight.part.8	24	static
WidgetSet.c:304:6:WidgetSetPushButtonConfig_OnSetIconMarginLeft.part.9	24	static
WidgetSet.c:315:6:WidgetSetPushButtonConfig_OnSetLabelFont.part.10	24	static
WidgetSet.c:326:6:WidgetSetPushButtonConfig_OnSetFaceFrameActive.part.11	24	static
WidgetSet.c:337:6:WidgetSetPushButtonConfig_OnSetFaceFrameFocused.part.12	24	static
WidgetSet.c:348:6:WidgetSetPushButtonConfig_OnSetFaceFrameDisabled.part.13	24	static
WidgetSet.c:359:6:WidgetSetPushButtonConfig_OnSetFaceFrameDefault.part.14	24	static
WidgetSet.c:370:6:WidgetSetPushButtonConfig_OnSetFaceActive.part.15	24	static
WidgetSet.c:381:6:WidgetSetPushButtonConfig_OnSetFaceFocused.part.16	24	static
WidgetSet.c:392:6:WidgetSetPushButtonConfig_OnSetFaceDisabled.part.17	24	static
WidgetSet.c:403:6:WidgetSetPushButtonConfig_OnSetFaceDefault.part.18	24	static
WidgetSet.c:929:6:WidgetSetPushButton_onReleaseKey	16	static
WidgetSet.c:161:6:WidgetSetPushButtonConfig_OnSetLabelColorActive	32	static
WidgetSet.c:172:6:WidgetSetPushButtonConfig_OnSetLabelColorFocused	32	static
WidgetSet.c:183:6:WidgetSetPushButtonConfig_OnSetLabelColorDisabled	32	static
WidgetSet.c:194:6:WidgetSetPushButtonConfig_OnSetLabelColorDefault	32	static
WidgetSet.c:205:6:WidgetSetPushButtonConfig_OnSetLabelMarginBottom	0	static
WidgetSet.c:216:6:WidgetSetPushButtonConfig_OnSetLabelMarginTop	0	static
WidgetSet.c:227:6:WidgetSetPushButtonConfig_OnSetLabelMarginRight	0	static
WidgetSet.c:238:6:WidgetSetPushButtonConfig_OnSetLabelMarginLeft	0	static
WidgetSet.c:249:6:WidgetSetPushButtonConfig_OnSetIconTintDisabled	32	static
WidgetSet.c:260:6:WidgetSetPushButtonConfig_OnSetIconTintDefault	32	static
WidgetSet.c:271:6:WidgetSetPushButtonConfig_OnSetIconMarginBottom	0	static
WidgetSet.c:282:6:WidgetSetPushButtonConfig_OnSetIconMarginTop	0	static
WidgetSet.c:293:6:WidgetSetPushButtonConfig_OnSetIconMarginRight	0	static
WidgetSet.c:304:6:WidgetSetPushButtonConfig_OnSetIconMarginLeft	0	static
WidgetSet.c:315:6:WidgetSetPushButtonConfig_OnSetLabelFont	0	static
WidgetSet.c:326:6:WidgetSetPushButtonConfig_OnSetFaceFrameActive	0	static
WidgetSet.c:337:6:WidgetSetPushButtonConfig_OnSetFaceFrameFocused	0	static
WidgetSet.c:348:6:WidgetSetPushButtonConfig_OnSetFaceFrameDisabled	0	static
WidgetSet.c:359:6:WidgetSetPushButtonConfig_OnSetFaceFrameDefault	0	static
WidgetSet.c:370:6:WidgetSetPushButtonConfig_OnSetFaceActive	0	static
WidgetSet.c:381:6:WidgetSetPushButtonConfig_OnSetFaceFocused	0	static
WidgetSet.c:392:6:WidgetSetPushButtonConfig_OnSetFaceDisabled	0	static
WidgetSet.c:403:6:WidgetSetPushButtonConfig_OnSetFaceDefault	0	static
WidgetSet.c:414:6:WidgetSetPushButtonConfig_OnSetWidgetMinSize	40	static
WidgetSet.c:69:6:WidgetSetPushButton_Medium__Init	16	static
WidgetSet.c:1045:6:WidgetSetPushButton_OnSetLabel	16	static
WidgetSet.c:1055:6:WidgetSetPushButton_OnSetAppearance	40	static
