stm32f7xx_hal_tim.c:5977:13:TIM_OC1_SetConfig	16	static
stm32f7xx_hal_tim.c:6128:13:TIM_OC3_SetConfig	16	static
stm32f7xx_hal_tim.c:6202:13:TIM_OC4_SetConfig	12	static
stm32f7xx_hal_tim.c:6262:13:TIM_OC5_SetConfig	12	static
stm32f7xx_hal_tim.c:6315:13:TIM_OC6_SetConfig	12	static
stm32f7xx_hal_tim.c:348:13:HAL_TIM_Base_MspInit	0	static
stm32f7xx_hal_tim.c:363:13:HAL_TIM_Base_MspDeInit	0	static
stm32f7xx_hal_tim.c:312:19:HAL_TIM_Base_DeInit	8	static
stm32f7xx_hal_tim.c:379:19:HAL_TIM_Base_Start	0	static
stm32f7xx_hal_tim.c:408:19:HAL_TIM_Base_Stop	0	static
stm32f7xx_hal_tim.c:432:19:HAL_TIM_Base_Start_IT	0	static
stm32f7xx_hal_tim.c:459:19:HAL_TIM_Base_Stop_IT	0	static
stm32f7xx_hal_tim.c:480:19:HAL_TIM_Base_Start_DMA	8	static
stm32f7xx_hal_tim.c:539:19:HAL_TIM_Base_Stop_DMA	8	static
stm32f7xx_hal_tim.c:682:13:HAL_TIM_OC_MspInit	0	static
stm32f7xx_hal_tim.c:697:13:HAL_TIM_OC_MspDeInit	0	static
stm32f7xx_hal_tim.c:646:19:HAL_TIM_OC_DeInit	8	static
stm32f7xx_hal_tim.c:1259:13:HAL_TIM_PWM_MspInit	0	static
stm32f7xx_hal_tim.c:1274:13:HAL_TIM_PWM_MspDeInit	0	static
stm32f7xx_hal_tim.c:1223:19:HAL_TIM_PWM_DeInit	8	static
stm32f7xx_hal_tim.c:1837:13:HAL_TIM_IC_MspInit	0	static
stm32f7xx_hal_tim.c:1852:13:HAL_TIM_IC_MspDeInit	0	static
stm32f7xx_hal_tim.c:1801:19:HAL_TIM_IC_DeInit	8	static
stm32f7xx_hal_tim.c:2383:13:HAL_TIM_OnePulse_MspInit	0	static
stm32f7xx_hal_tim.c:2398:13:HAL_TIM_OnePulse_MspDeInit	0	static
stm32f7xx_hal_tim.c:2347:19:HAL_TIM_OnePulse_DeInit	8	static
stm32f7xx_hal_tim.c:2417:19:HAL_TIM_OnePulse_Start	0	static
stm32f7xx_hal_tim.c:2453:19:HAL_TIM_OnePulse_Stop	0	static
stm32f7xx_hal_tim.c:2489:19:HAL_TIM_OnePulse_Start_IT	0	static
stm32f7xx_hal_tim.c:2531:19:HAL_TIM_OnePulse_Stop_IT	0	static
stm32f7xx_hal_tim.c:2742:13:HAL_TIM_Encoder_MspInit	0	static
stm32f7xx_hal_tim.c:2757:13:HAL_TIM_Encoder_MspDeInit	0	static
stm32f7xx_hal_tim.c:2706:19:HAL_TIM_Encoder_DeInit	8	static
stm32f7xx_hal_tim.c:2777:19:HAL_TIM_Encoder_Start	0	static
stm32f7xx_hal_tim.c:2821:19:HAL_TIM_Encoder_Stop	0	static
stm32f7xx_hal_tim.c:2867:19:HAL_TIM_Encoder_Start_IT	0	static
stm32f7xx_hal_tim.c:2917:19:HAL_TIM_Encoder_Stop_IT	0	static
stm32f7xx_hal_tim.c:2971:19:HAL_TIM_Encoder_Start_DMA	32	static
stm32f7xx_hal_tim.c:3105:19:HAL_TIM_Encoder_Stop_DMA	8	static
stm32f7xx_hal_tim.c:3890:19:HAL_TIM_DMABurst_WriteStart	24	static
stm32f7xx_hal_tim.c:4053:19:HAL_TIM_DMABurst_WriteStop	16	static
stm32f7xx_hal_tim.c:4156:19:HAL_TIM_DMABurst_ReadStart	24	static
stm32f7xx_hal_tim.c:4320:19:HAL_TIM_DMABurst_ReadStop	0	static
stm32f7xx_hal_tim.c:4399:19:HAL_TIM_GenerateEvent	0	static
stm32f7xx_hal_tim.c:4742:19:HAL_TIM_ConfigTI1Input	0	static
stm32f7xx_hal_tim.c:4857:10:HAL_TIM_ReadCapturedValue	0	static
stm32f7xx_hal_tim.c:4941:13:HAL_TIM_PeriodElapsedCallback	0	static
stm32f7xx_hal_tim.c:5856:13:TIM_DMAPeriodElapsedCplt	8	static
stm32f7xx_hal_tim.c:4956:13:HAL_TIM_PeriodElapsedHalfCpltCallback	0	static
stm32f7xx_hal_tim.c:5874:13:TIM_DMAPeriodElapsedHalfCplt	8	static
stm32f7xx_hal_tim.c:4971:13:HAL_TIM_OC_DelayElapsedCallback	0	static
stm32f7xx_hal_tim.c:4986:13:HAL_TIM_IC_CaptureCallback	0	static
stm32f7xx_hal_tim.c:5774:6:TIM_DMACaptureCplt	8	static
stm32f7xx_hal_tim.c:5001:13:HAL_TIM_IC_CaptureHalfCpltCallback	0	static
stm32f7xx_hal_tim.c:5815:6:TIM_DMACaptureHalfCplt	8	static
stm32f7xx_hal_tim.c:5016:13:HAL_TIM_PWM_PulseFinishedCallback	0	static
stm32f7xx_hal_tim.c:5692:6:TIM_DMADelayPulseCplt	8	static
stm32f7xx_hal_tim.c:5031:13:HAL_TIM_PWM_PulseFinishedHalfCpltCallback	0	static
stm32f7xx_hal_tim.c:5733:6:TIM_DMADelayPulseHalfCplt	8	static
stm32f7xx_hal_tim.c:5046:13:HAL_TIM_TriggerCallback	0	static
stm32f7xx_hal_tim.c:3171:6:HAL_TIM_IRQHandler	8	static
stm32f7xx_hal_tim.c:5892:13:TIM_DMATriggerCplt	8	static
stm32f7xx_hal_tim.c:5061:13:HAL_TIM_TriggerHalfCpltCallback	0	static
stm32f7xx_hal_tim.c:5910:13:TIM_DMATriggerHalfCplt	8	static
stm32f7xx_hal_tim.c:5076:13:HAL_TIM_ErrorCallback	0	static
stm32f7xx_hal_tim.c:5674:6:TIM_DMAError	8	static
stm32f7xx_hal_tim.c:5602:22:HAL_TIM_Base_GetState	0	static
stm32f7xx_hal_tim.c:5612:22:HAL_TIM_OC_GetState	0	static
stm32f7xx_hal_tim.c:5622:22:HAL_TIM_PWM_GetState	0	static
stm32f7xx_hal_tim.c:5632:22:HAL_TIM_IC_GetState	0	static
stm32f7xx_hal_tim.c:5642:22:HAL_TIM_OnePulse_GetState	0	static
stm32f7xx_hal_tim.c:5652:22:HAL_TIM_Encoder_GetState	0	static
stm32f7xx_hal_tim.c:5929:6:TIM_Base_SetConfig	0	static
stm32f7xx_hal_tim.c:260:19:HAL_TIM_Base_Init	8	static
stm32f7xx_hal_tim.c:594:19:HAL_TIM_OC_Init	8	static
stm32f7xx_hal_tim.c:1171:19:HAL_TIM_PWM_Init	8	static
stm32f7xx_hal_tim.c:1749:19:HAL_TIM_IC_Init	8	static
stm32f7xx_hal_tim.c:2288:19:HAL_TIM_OnePulse_Init	16	static
stm32f7xx_hal_tim.c:2601:19:HAL_TIM_Encoder_Init	24	static
stm32f7xx_hal_tim.c:6052:6:TIM_OC2_SetConfig	16	static
stm32f7xx_hal_tim.c:3401:19:HAL_TIM_OC_ConfigChannel	8	static
stm32f7xx_hal_tim.c:3600:19:HAL_TIM_PWM_ConfigChannel	16	static
stm32f7xx_hal_tim.c:6500:6:TIM_TI1_SetConfig	16	static
stm32f7xx_hal_tim.c:3501:19:HAL_TIM_IC_ConfigChannel	24	static
stm32f7xx_hal_tim.c:3745:19:HAL_TIM_OnePulse_ConfigChannel	48	static
stm32f7xx_hal_tim.c:6794:6:TIM_ETR_SetConfig	8	static
stm32f7xx_hal_tim.c:4438:19:HAL_TIM_ConfigOCrefClear	16	static
stm32f7xx_hal_tim.c:4590:19:HAL_TIM_ConfigClockSource	16	static
stm32f7xx_hal_tim.c:6369:26:TIM_SlaveTimer_SetConfig	16	static
stm32f7xx_hal_tim.c:4774:19:HAL_TIM_SlaveConfigSynchro	16	static
stm32f7xx_hal_tim.c:4814:19:HAL_TIM_SlaveConfigSynchro_IT	16	static
stm32f7xx_hal_tim.c:6826:6:TIM_CCxChannelCmd	8	static
stm32f7xx_hal_tim.c:720:19:HAL_TIM_OC_Start	8	static
stm32f7xx_hal_tim.c:1297:19:HAL_TIM_PWM_Start	0	static
stm32f7xx_hal_tim.c:760:19:HAL_TIM_OC_Stop	8	static
stm32f7xx_hal_tim.c:792:19:HAL_TIM_OC_Start_IT	8	static
stm32f7xx_hal_tim.c:1372:19:HAL_TIM_PWM_Start_IT	0	static
stm32f7xx_hal_tim.c:864:19:HAL_TIM_OC_Stop_IT	8	static
stm32f7xx_hal_tim.c:1443:19:HAL_TIM_PWM_Stop_IT	0	static
stm32f7xx_hal_tim.c:932:19:HAL_TIM_OC_Start_DMA	16	static
stm32f7xx_hal_tim.c:1511:19:HAL_TIM_PWM_Start_DMA	0	static
stm32f7xx_hal_tim.c:1074:19:HAL_TIM_OC_Stop_DMA	16	static
stm32f7xx_hal_tim.c:1652:19:HAL_TIM_PWM_Stop_DMA	0	static
stm32f7xx_hal_tim.c:1337:19:HAL_TIM_PWM_Stop	8	static
stm32f7xx_hal_tim.c:1873:19:HAL_TIM_IC_Start	8	static
stm32f7xx_hal_tim.c:1905:19:HAL_TIM_IC_Stop	8	static
stm32f7xx_hal_tim.c:1931:19:HAL_TIM_IC_Start_IT	8	static
stm32f7xx_hal_tim.c:1996:19:HAL_TIM_IC_Stop_IT	8	static
stm32f7xx_hal_tim.c:2058:19:HAL_TIM_IC_Start_DMA	16	static
stm32f7xx_hal_tim.c:2193:19:HAL_TIM_IC_Stop_DMA	16	static
