Application_2.c:1425:6:Application_2screenLight_changeColorMaster	16	static
Application_2.c:1437:6:Application_2screenLight_changeColorNight	16	static
Application_2.c:1449:6:Application_2screenLight_changeColorRead	16	static
Application_2.c:1461:6:Application_2screenLight_changLight	16	static
Application_2.c:559:6:Application_2Application_slotSetAlarm	16	static
Application_2.c:477:6:Application_2Application_LightFunction	8	static
Application_2.c:531:6:Application_2Application_AirFunction	8	static
Application_2.c:545:6:Application_2Application_AlarmFunction	8	static
Application_2.c:579:6:Application_2Application_TimerTick	8	static
Application_2.c:678:6:Application_2background_UpdateLayout	8	static
Application_2.c:960:6:Application_2AirScreen_UpdateLayout	8	static
Application_2.c:1398:6:Application_2screenLight_UpdateLayout	8	static
Application_2.c:698:6:Application_2background_UpdateViewState	0	static
Application_2.c:979:6:Application_2AirScreen_UpdateViewState	0	static
Application_2.c:1418:6:Application_2screenLight_UpdateViewState	0	static
Application_2.c:625:6:Application_2background__Init	32	static
Application_2.c:649:6:Application_2background__ReInit	8	static
Application_2.c:889:6:Application_2AirScreen__ReInit	8	static
Application_2.c:659:6:Application_2background__Done	8	static
Application_2.c:920:6:Application_2AirScreen__Done	8	static
Application_2.c:999:6:Application_2AirScreen_down1	8	static
Application_2.c:1022:6:Application_2AirScreen_up1	8	static
Application_2.c:1043:6:Application_2AirScreen_Off	8	static
Application_2.c:1092:6:Application_2AirScreen_OffSpeed	8	static
Application_2.c:730:6:Application_2AirScreen__Init	128	static
Application_2.c:986:6:Application_2AirScreen_down	8	static
Application_2.c:1009:6:Application_2AirScreen_up	8	static
Application_2.c:1032:6:Application_2AirScreen_On	8	static
Application_2.c:1053:6:Application_2AirScreen_OnSpeed	56	static
Application_2.c:1205:6:Application_2screenLight__Init	120	static
Application_2.c:189:6:Application_2Application__Init	184	static
Application_2.c:1333:6:Application_2screenLight__ReInit	8	static
Application_2.c:396:6:Application_2Application__ReInit	8	static
Application_2.c:1361:6:Application_2screenLight__Done	8	static
Application_2.c:435:6:Application_2Application__Done	8	static
Application_2.c:491:6:Application_2Application_Exit	40	static
