Application_2.c:1481:6:Application_2screenLight_changeColorMaster	16	static
Application_2.c:1493:6:Application_2screenLight_changeColorNight	16	static
Application_2.c:1505:6:Application_2screenLight_changeColorRead	16	static
Application_2.c:1517:6:Application_2screenLight_changLight	16	static
Application_2.c:618:6:Application_2Application_slotSetAlarm	40	static
Application_2.c:498:6:Application_2Application_LightFunction	72	static
Application_2.c:569:6:Application_2Application_AirFunction	72	static
Application_2.c:594:6:Application_2Application_AlarmFunction	72	static
Application_2.c:637:6:Application_2Application_TimerTick	8	static
Application_2.c:735:6:Application_2background_UpdateLayout	8	static
Application_2.c:1018:6:Application_2AirScreen_UpdateLayout	8	static
Application_2.c:1454:6:Application_2screenLight_UpdateLayout	8	static
Application_2.c:755:6:Application_2background_UpdateViewState	0	static
Application_2.c:1037:6:Application_2AirScreen_UpdateViewState	0	static
Application_2.c:1474:6:Application_2screenLight_UpdateViewState	0	static
Application_2.c:682:6:Application_2background__Init	32	static
Application_2.c:706:6:Application_2background__ReInit	8	static
Application_2.c:947:6:Application_2AirScreen__ReInit	8	static
Application_2.c:716:6:Application_2background__Done	8	static
Application_2.c:978:6:Application_2AirScreen__Done	8	static
Application_2.c:1056:6:Application_2AirScreen_down1	8	static
Application_2.c:1078:6:Application_2AirScreen_up1	8	static
Application_2.c:1088:6:Application_2AirScreen_On	8	static
Application_2.c:1098:6:Application_2AirScreen_Off	8	static
Application_2.c:1147:6:Application_2AirScreen_OffSpeed	8	static
Application_2.c:788:6:Application_2AirScreen__Init	128	static
Application_2.c:1044:6:Application_2AirScreen_down	8	static
Application_2.c:1066:6:Application_2AirScreen_up	8	static
Application_2.c:1108:6:Application_2AirScreen_OnSpeed	56	static
Application_2.c:1261:6:Application_2screenLight__Init	120	static
Application_2.c:210:6:Application_2Application__Init	184	static
Application_2.c:1389:6:Application_2screenLight__ReInit	8	static
Application_2.c:417:6:Application_2Application__ReInit	8	static
Application_2.c:1417:6:Application_2screenLight__Done	8	static
Application_2.c:456:6:Application_2Application__Done	8	static
Application_2.c:523:6:Application_2Application_Exit	80	static
