Application_2.c:1421:6:Application_2screenLight_changeColorMaster	16	static
Application_2.c:1433:6:Application_2screenLight_changeColorNight	16	static
Application_2.c:1445:6:Application_2screenLight_changeColorRead	16	static
Application_2.c:1457:6:Application_2screenLight_changLight	16	static
Application_2.c:556:6:Application_2Application_slotSetAlarm	16	static
Application_2.c:474:6:Application_2Application_LightFunction	8	static
Application_2.c:528:6:Application_2Application_AirFunction	8	static
Application_2.c:542:6:Application_2Application_AlarmFunction	8	static
Application_2.c:575:6:Application_2Application_TimerTick	8	static
Application_2.c:674:6:Application_2background_UpdateLayout	8	static
Application_2.c:956:6:Application_2AirScreen_UpdateLayout	8	static
Application_2.c:1394:6:Application_2screenLight_UpdateLayout	8	static
Application_2.c:694:6:Application_2background_UpdateViewState	0	static
Application_2.c:975:6:Application_2AirScreen_UpdateViewState	0	static
Application_2.c:1414:6:Application_2screenLight_UpdateViewState	0	static
Application_2.c:621:6:Application_2background__Init	32	static
Application_2.c:645:6:Application_2background__ReInit	8	static
Application_2.c:885:6:Application_2AirScreen__ReInit	8	static
Application_2.c:655:6:Application_2background__Done	8	static
Application_2.c:916:6:Application_2AirScreen__Done	8	static
Application_2.c:995:6:Application_2AirScreen_down1	8	static
Application_2.c:1018:6:Application_2AirScreen_up1	8	static
Application_2.c:1039:6:Application_2AirScreen_Off	8	static
Application_2.c:1088:6:Application_2AirScreen_OffSpeed	8	static
Application_2.c:726:6:Application_2AirScreen__Init	128	static
Application_2.c:982:6:Application_2AirScreen_down	8	static
Application_2.c:1005:6:Application_2AirScreen_up	8	static
Application_2.c:1028:6:Application_2AirScreen_On	8	static
Application_2.c:1049:6:Application_2AirScreen_OnSpeed	56	static
Application_2.c:1201:6:Application_2screenLight__Init	120	static
Application_2.c:186:6:Application_2Application__Init	184	static
Application_2.c:1329:6:Application_2screenLight__ReInit	8	static
Application_2.c:393:6:Application_2Application__ReInit	8	static
Application_2.c:1357:6:Application_2screenLight__Done	8	static
Application_2.c:432:6:Application_2Application__Done	8	static
Application_2.c:488:6:Application_2Application_Exit	40	static
