Climate.c:1401:8:ClimateDeviceClass_OnGetDwellTime	0	static
Climate.c:1407:8:ClimateDeviceClass_OnGetHeatTime	0	static
Climate.c:1413:8:ClimateDeviceClass_OnGetCoolTime	0	static
Climate.c:1419:8:ClimateDeviceClass_OnGetNominalTemp	0	static
Climate.c:1425:8:ClimateDeviceClass_OnGetActualTemp	0	static
Climate.c:1431:8:ClimateDeviceClass_OnGetHumidity	0	static
Climate.c:1437:7:ClimateDeviceClass_OnGetRunning	0	static
Climate.c:1443:8:ClimateDeviceClass_OnGetRemainingTime	0	static
Climate.c:1461:6:ClimateDevice__Init	0	static
Climate.c:776:6:ClimateMenuItem_UpdateViewState	0	static
Climate.c:1031:6:ClimateDataItem_UpdateViewState	0	static
Climate.c:3126:6:ClimateButton_UpdateViewState	0	static
Climate.c:401:6:ClimateClimate_onAnimateSlider	80	static
Climate.c:2995:6:ClimateSliderItem_onOk	0	static
Climate.c:550:6:ClimateClimate_onStartStop	24	static
Climate.c:605:6:ClimateClimate_HideSlider	8	static
Climate.c:502:6:ClimateClimate_onAnimateMenu	40	static
Climate.c:739:6:ClimateMenuItem_OnSetBounds	56	static
Climate.c:989:6:ClimateDataItem_OnSetBounds	56	static
Climate.c:656:6:ClimateMenuItem__Init	48	static
Climate.c:3032:6:ClimateButton__Init	48	static
Climate.c:710:6:ClimateMenuItem__ReInit	8	static
Climate.c:3084:6:ClimateButton__ReInit	8	static
Climate.c:723:6:ClimateMenuItem__Done	8	static
Climate.c:3097:6:ClimateButton__Done	8	static
Climate.c:755:6:ClimateMenuItem_UpdateLayout	48	static
Climate.c:1005:6:ClimateDataItem_UpdateLayout	72	static
Climate.c:1787:6:ClimateDiagram_UpdateLayout	128	static
Climate.c:2151:6:ClimateStartButton_UpdateLayout	144	static
Climate.c:789:6:ClimateMenuItem_enterLeaveSlot	0	static
Climate.c:1044:6:ClimateDataItem_enterLeaveSlot	0	static
Climate.c:1985:6:ClimateDiagram_onUpdate	0	static
Climate.c:2210:6:ClimateStartButton_enterLeaveSlot	0	static
Climate.c:2890:6:ClimateSliderItem_onPressSlot	8	static
Climate.c:2960:6:ClimateSliderItem_onReleaseSlot	0	static
Climate.c:3139:6:ClimateButton_enterLeaveSlot	0	static
Climate.c:2254:6:ClimateStartButton_onUpdate	8	static
Climate.c:883:6:ClimateDataItem__Init	64	static
Climate.c:956:6:ClimateDataItem__ReInit	8	static
Climate.c:971:6:ClimateDataItem__Done	8	static
Climate.c:1108:6:ClimateDataItem_onUpdate	16	static
Climate.c:1185:6:ClimateDeviceClass__Init	24	static
Climate.c:1211:6:ClimateDeviceClass__ReInit	8	static
Climate.c:1221:6:ClimateDeviceClass__Done	8	static
Climate.c:1234:6:ClimateDeviceClass_OnSetDwellTime	24	static
Climate.c:1251:6:ClimateDeviceClass_OnSetHeatTime	24	static
Climate.c:1268:6:ClimateDeviceClass_OnSetCoolTime	24	static
Climate.c:1285:6:ClimateDeviceClass_OnSetNominalTemp	24	static
Climate.c:1302:6:ClimateDeviceClass_OnSetActualTemp	24	static
Climate.c:1319:6:ClimateDeviceClass_OnSetHumidity	24	static
Climate.c:1357:6:ClimateDeviceClass_OnSetRemainingTime	24	static
Climate.c:2046:6:ClimateStartButton__Init	64	static
Climate.c:1480:6:ClimateDiagram__Init	256	static
Climate.c:2112:6:ClimateStartButton__ReInit	8	static
Climate.c:1698:6:ClimateDiagram__ReInit	8	static
Climate.c:2127:6:ClimateStartButton__Done	8	static
Climate.c:1738:6:ClimateDiagram__Done	8	static
Climate.c:2823:6:ClimateSliderItem_UpdateViewState	96	static
Climate.c:1831:6:ClimateDiagram_UpdateViewState	584	static
Climate.c:2458:6:ClimateStatusBar_UpdateLayout	168	static
Climate.c:2741:6:ClimateSliderItem_UpdateLayout	352	static
Climate.c:2292:6:ClimateStatusBar__Init	136	static
Climate.c:2405:6:ClimateStatusBar__ReInit	8	static
Climate.c:280:6:ClimateClimate__ReInit	8	static
Climate.c:2427:6:ClimateStatusBar__Done	8	static
Climate.c:296:6:ClimateClimate__Done	8	static
Climate.c:2484:6:ClimateStatusBar_onUpdate	24	static
Climate.c:2672:6:ClimateSliderItem__ReInit	8	static
Climate.c:2702:6:ClimateSliderItem__Done	8	static
Climate.c:618:6:ClimateClimate_onFinishedSlider	8	static
Climate.c:799:6:ClimateMenuItem_pressReleaseSlot	0	static
Climate.c:1054:6:ClimateDataItem_pressReleaseSlot	0	static
Climate.c:3149:6:ClimateButton_pressReleaseSlot	0	static
Climate.c:1336:6:ClimateDeviceClass_OnSetRunning	32	static
Climate.c:1374:6:ClimateDeviceClass_Animate	16	static
Climate.c:2184:6:ClimateStartButton_UpdateViewState	16	static
Climate.c:2220:6:ClimateStartButton_pressReleaseSlot	16	static
Climate.c:425:6:ClimateClimate_AppendMenuItem	96	static
Climate.c:811:6:ClimateMenuItem_OnSetCaption	16	static
Climate.c:460:6:ClimateClimate_MenuItemSelected	40	static
Climate.c:818:6:ClimateMenuItem_OnSetDataItem	56	static
Climate.c:524:6:ClimateClimate_onFinishedMenu	8	static
Climate.c:1066:6:ClimateDataItem_OnSetCaption	16	static
Climate.c:1073:6:ClimateDataItem_OnSetUnit	24	static
Climate.c:1080:6:ClimateDataItem_OnSetValueColor	16	static
Climate.c:1090:6:ClimateDataItem_OnSetDataPoint	72	static
Climate.c:317:6:ClimateClimate_Init	240	static
Climate.c:2235:6:ClimateStartButton_OnSetIsRunning	72	static
Climate.c:222:6:ClimateClimate__Init	96	static
Climate.c:2853:6:ClimateSliderItem_OnSetCurrentValue	0	static
Climate.c:2901:6:ClimateSliderItem_onDragSlot	16	static
Climate.c:2933:6:ClimateSliderItem_outletSlot	8	static
Climate.c:2969:6:ClimateSliderItem_onIncrement	8	static
Climate.c:2982:6:ClimateSliderItem_onDecrement	8	static
Climate.c:2869:6:ClimateSliderItem_OnSetMinValue	0	static
Climate.c:2879:6:ClimateSliderItem_OnSetMaxValue	0	static
Climate.c:2943:6:ClimateSliderItem_OnSetOutlet	72	static
Climate.c:571:6:ClimateClimate_ShowSlider	96	static
Climate.c:3161:6:ClimateButton_OnSetCaption	16	static
Climate.c:2537:6:ClimateSliderItem__Init	128	static
