Core.c:183:6:CoreView_initLayoutContext	0	static
Core.c:279:6:CoreView_Draw	0	static
Core.c:313:9:CoreView_HandleEvent	0	static
Core.c:359:15:CoreView_CursorHitTest	0	static
Core.c:397:8:CoreView_ArrangeView	0	static
Core.c:424:6:CoreView_MoveView	8	static
Core.c:441:7:CoreView_GetExtent	8	static
Core.c:1905:7:CoreRectView_GetExtent	8	static
Core.c:3347:6:CoreGroup_UpdateLayout	8	static
Core.c:3374:6:CoreGroup_UpdateViewState	0	static
Core.c:3888:10:CoreRoot_GetRoot	0	static
Core.c:7022:6:CoreTask_OnComplete	0	static
Core.c:149:6:CoreView__Init	8	static
Core.c:539:6:CoreLineView__Init	8	static
Core.c:1009:6:CoreQuadView__Init	8	static
Core.c:5974:6:CoreSimpleTouchHandler__Init	8	static
Core.c:1610:6:CoreRectView__Init	8	static
Core.c:5808:6:CoreOutline__Init	8	static
Core.c:6538:6:CoreCursorHit__Init	8	static
Core.c:6593:6:CoreModalContext__Init	8	static
Core.c:6632:6:CoreLayoutContext__Init	8	static
Core.c:6671:6:CoreLayoutLineContext__Init	8	static
Core.c:6710:6:CoreLayoutQuadContext__Init	8	static
Core.c:6749:6:CoreDialogContext__Init	8	static
Core.c:6788:6:CoreTaskQueue__Init	8	static
Core.c:6986:6:CoreTask__Init	8	static
Core.c:7227:6:CoreTimer__Init	8	static
Core.c:166:6:CoreView__ReInit	0	static
Core.c:554:6:CoreLineView__ReInit	0	static
Core.c:1024:6:CoreQuadView__ReInit	0	static
Core.c:5997:6:CoreSimpleTouchHandler__ReInit	0	static
Core.c:1625:6:CoreRectView__ReInit	0	static
Core.c:1991:6:CoreGroup__ReInit	0	static
Core.c:5826:6:CoreOutline__ReInit	0	static
Core.c:5241:6:CoreEvent__ReInit	0	static
Core.c:5303:6:CoreKeyEvent__ReInit	0	static
Core.c:5543:6:CoreCursorGrabEvent__ReInit	0	static
Core.c:5631:6:CoreCursorEvent__ReInit	0	static
Core.c:5755:6:CoreDragEvent__ReInit	0	static
Core.c:6452:6:CoreKeyPressHandler__ReInit	0	static
Core.c:6551:6:CoreCursorHit__ReInit	0	static
Core.c:6606:6:CoreModalContext__ReInit	0	static
Core.c:6645:6:CoreLayoutContext__ReInit	0	static
Core.c:6684:6:CoreLayoutLineContext__ReInit	0	static
Core.c:6723:6:CoreLayoutQuadContext__ReInit	0	static
Core.c:6762:6:CoreDialogContext__ReInit	0	static
Core.c:6801:6:CoreTaskQueue__ReInit	0	static
Core.c:6999:6:CoreTask__ReInit	0	static
Core.c:7156:6:CoreResource__ReInit	0	static
Core.c:7243:6:CoreTimer__ReInit	0	static
Core.c:3861:6:CoreRoot__ReInit	8	static
Core.c:173:6:CoreView__Done	0	static
Core.c:561:6:CoreLineView__Done	0	static
Core.c:1031:6:CoreQuadView__Done	0	static
Core.c:6004:6:CoreSimpleTouchHandler__Done	0	static
Core.c:1632:6:CoreRectView__Done	0	static
Core.c:1998:6:CoreGroup__Done	0	static
Core.c:5833:6:CoreOutline__Done	0	static
Core.c:5248:6:CoreEvent__Done	0	static
Core.c:5310:6:CoreKeyEvent__Done	0	static
Core.c:5550:6:CoreCursorGrabEvent__Done	0	static
Core.c:5638:6:CoreCursorEvent__Done	0	static
Core.c:5762:6:CoreDragEvent__Done	0	static
Core.c:6459:6:CoreKeyPressHandler__Done	0	static
Core.c:6558:6:CoreCursorHit__Done	0	static
Core.c:6613:6:CoreModalContext__Done	0	static
Core.c:6652:6:CoreLayoutContext__Done	0	static
Core.c:6691:6:CoreLayoutLineContext__Done	0	static
Core.c:6730:6:CoreLayoutQuadContext__Done	0	static
Core.c:6769:6:CoreDialogContext__Done	0	static
Core.c:6808:6:CoreTaskQueue__Done	0	static
Core.c:7006:6:CoreTask__Done	0	static
Core.c:6868:6:CoreTaskQueue_onPreDispatchNext	24	static
Core.c:231:10:CoreView_GetRoot	16	static
Core.c:1642:6:CoreRectView_initLayoutContext	24	static
Core.c:5225:6:CoreEvent__Init	8	static
Core.c:5290:6:CoreKeyEvent__Init	8	static
Core.c:5530:6:CoreCursorGrabEvent__Init	8	static
Core.c:5618:6:CoreCursorEvent__Init	8	static
Core.c:5742:6:CoreDragEvent__Init	8	static
Core.c:1349:7:CoreQuadView_GetExtent	32	static
Core.c:5867:6:CoreOutline_Draw	0	static
Core.c:122:14:EwCheckIndex.constprop	16	static
Core.c:6038:6:CoreSimpleTouchHandler_Draw	0	static
Core.c:7043:6:CoreTask_OnCancel	0	static
Core.c:192:6:CoreView__initLayoutContext	24	static
Core.c:249:10:CoreView__GetRoot	0	static
Core.c:292:6:CoreView__Draw	40	static
Core.c:323:9:CoreView__HandleEvent	0	static
Core.c:374:15:CoreView__CursorHitTest	40	static
Core.c:408:8:CoreView__ArrangeView	32	static
Core.c:433:6:CoreView__MoveView	16	static
Core.c:450:7:CoreView__GetExtent	8	static
Core.c:1041:6:CoreQuadView_initLayoutContext	40	static
Core.c:2093:15:CoreGroup_CursorHitTest	168	static
Core.c:515:6:CoreView__ChangeViewState	0	static
Core.c:2645:6:CoreGroup_OnSetFocus	16	static
Core.c:3960:6:CoreRoot_OnSetFocus	0	static
Core.c:877:7:CoreLineView_getExtent	24	static
Core.c:571:6:CoreLineView_initLayoutContext	40	static
Core.c:868:7:CoreLineView_GetExtent	8	static
Core.c:929:7:CoreLineView__getExtent	8	static
Core.c:1540:7:CoreQuadView_IsPointInside	88	static
Core.c:1582:7:CoreQuadView_HasRectShape	8	static
Core.c:6281:15:CoreSimpleTouchHandler_CursorHitTest	168	static
Core.c:1939:6:CoreRectView__OnSetBounds	24	static
Core.c:1669:8:CoreRectView_ArrangeView	136	static
Core.c:1894:6:CoreRectView_MoveView	80	static
Core.c:1945:7:CoreRectView_OnGetBounds	8	static
Core.c:2288:6:CoreGroup_drawContent	184	static
Core.c:2043:6:CoreGroup_Draw	112	static
Core.c:3918:6:CoreRoot_Draw	104	static
Core.c:2679:6:CoreGroup__OnSetFocus	0	static
Core.c:2704:6:CoreGroup__OnSetOpacity	0	static
Core.c:2710:7:CoreGroup_OnGetVisible	0	static
Core.c:2716:6:CoreGroup_OnSetVisible	0	static
Core.c:3177:8:CoreGroup_LocalPosition	32	static
Core.c:3236:9:CoreGroup__DispatchEvent	0	static
Core.c:3255:9:CoreGroup_BroadcastEventAtPosition	80	static
Core.c:3285:9:CoreGroup__BroadcastEventAtPosition	16	static
Core.c:3335:9:CoreGroup__BroadcastEvent	0	static
Core.c:3355:6:CoreGroup__UpdateLayout	16	static
Core.c:3382:6:CoreGroup__UpdateViewState	0	static
Core.c:3390:6:CoreGroup_InvalidateViewState	24	static
Core.c:2010:6:CoreGroup_Init	0	static
Core.c:1970:6:CoreGroup__Init	8	static
Core.c:3440:6:CoreGroup__InvalidateArea	24	static
Core.c:198:6:CoreView_OnSetLayout	56	static
Core.c:935:6:CoreLineView_OnSetPoint2	80	static
Core.c:963:6:CoreLineView_OnSetPoint1	80	static
Core.c:601:8:CoreLineView_ArrangeView	128	static
Core.c:851:6:CoreLineView_MoveView	64	static
Core.c:1426:6:CoreQuadView_OnSetPoint4	80	static
Core.c:1454:6:CoreQuadView_OnSetPoint3	80	static
Core.c:1482:6:CoreQuadView_OnSetPoint2	80	static
Core.c:1510:6:CoreQuadView_OnSetPoint1	80	static
Core.c:1073:8:CoreQuadView_ArrangeView	144	static
Core.c:1328:6:CoreQuadView_MoveView	88	static
Core.c:1911:6:CoreRectView_OnSetBounds	40	static
Core.c:2225:6:CoreGroup_OnSetBounds	72	static
Core.c:5880:6:CoreOutline_OnSetBounds	80	static
Core.c:2334:6:CoreGroup_recalculateLayout	232	static
Core.c:2621:6:CoreGroup_updateComponent	16	static
Core.c:2685:6:CoreGroup_OnSetOpacity	16	static
Core.c:3398:6:CoreGroup_InvalidateArea	112	static
Core.c:4069:6:CoreRoot_InvalidateArea	136	static
Core.c:3967:6:CoreRoot_OnSetOpacity	40	static
Core.c:3454:10:CoreGroup_FindSiblingView	24	static
Core.c:467:6:CoreView_ChangeViewState	64	static
Core.c:2190:6:CoreGroup_ChangeViewState	32	static
Core.c:3945:6:CoreRoot_ChangeViewState	64	static
Core.c:3568:6:CoreGroup_RestackTop	64	static
Core.c:3644:6:CoreGroup_Remove	56	static
Core.c:3716:6:CoreGroup_Add	56	static
Core.c:4180:15:CoreRoot_createDragEvent	8	static
Core.c:4193:17:CoreRoot_createCursorEvent	8	static
Core.c:4206:21:CoreRoot_createCursorGrabEvent	8	static
Core.c:4288:8:CoreRoot_GetFPS	8	static
Core.c:4304:8:CoreRoot__GetFPS	0	static
Core.c:4360:6:CoreRoot_EndUpdate	0	static
Core.c:4370:6:CoreRoot__EndUpdate	0	static
Core.c:4385:7:CoreRoot_UpdateCanvas	152	static
Core.c:4417:7:CoreRoot__UpdateCanvas	24	static
Core.c:4428:7:CoreRoot_GetUpdateRegion	24	static
Core.c:4452:7:CoreRoot__GetUpdateRegion	8	static
Core.c:4469:8:CoreRoot_BeginUpdate	152	static
Core.c:4337:7:CoreRoot_UpdateGE20	48	static
Core.c:4314:7:CoreRoot_Update	40	static
Core.c:4325:7:CoreRoot__Update	8	static
Core.c:4350:7:CoreRoot__UpdateGE20	8	static
Core.c:4534:8:CoreRoot__BeginUpdate	0	static
Core.c:4542:7:CoreRoot_DoesNeedUpdate	24	static
Core.c:4559:7:CoreRoot__DoesNeedUpdate	0	static
Core.c:4568:10:CoreRoot_Initialize	48	static
Core.c:4583:10:CoreRoot__Initialize	8	static
Core.c:4589:7:CoreRoot_SetRootFocus	8	static
Core.c:4622:7:CoreRoot__SetRootFocus	0	static
Core.c:4634:6:CoreRoot_SetUserInputTimestamp	0	static
Core.c:4640:6:CoreRoot__SetUserInputTimestamp	0	static
Core.c:5258:6:CoreEvent_Init	8	static
Core.c:5269:9:CoreEvent_GetCurrentTime	0	static
Core.c:5325:14:CoreKeyEvent_Initialize2	0	static
Core.c:5390:14:CoreKeyEvent__Initialize2	0	static
Core.c:5401:14:CoreKeyEvent_Initialize	0	static
Core.c:5468:14:CoreKeyEvent__Initialize	0	static
Core.c:5479:7:CoreKeyEvent_IsCode	0	static
Core.c:5563:21:CoreCursorGrabEvent_InitializeUp	16	static
Core.c:5577:21:CoreCursorGrabEvent__InitializeUp	12	static
Core.c:5587:21:CoreCursorGrabEvent_InitializeDown	16	static
Core.c:5601:21:CoreCursorGrabEvent__InitializeDown	12	static
Core.c:5650:17:CoreCursorEvent_InitializeHold	40	static
Core.c:5666:17:CoreCursorEvent__InitializeHold	24	static
Core.c:5678:17:CoreCursorEvent_InitializeUp	40	static
Core.c:5695:17:CoreCursorEvent__InitializeUp	24	static
Core.c:5707:17:CoreCursorEvent_InitializeDown	40	static
Core.c:5133:6:CoreRoot_DeflectCursor	120	static
Core.c:5084:6:CoreRoot_RetargetCursorWithReason	104	static
Core.c:6064:9:CoreSimpleTouchHandler_HandleEvent	88	static
Core.c:5724:17:CoreCursorEvent__InitializeDown	24	static
Core.c:5774:15:CoreDragEvent_Initialize	40	static
Core.c:4781:7:CoreRoot_DriveMultiTouchMovement	136	static
Core.c:4760:7:CoreRoot_DriveCursorMovement	8	static
Core.c:4766:7:CoreRoot__DriveCursorMovement	8	static
Core.c:4849:7:CoreRoot__DriveMultiTouchMovement	16	static
Core.c:5790:15:CoreDragEvent__Initialize	24	static
Core.c:6361:6:CoreSimpleTouchHandler_OnSetRetargetDelay	0	static
Core.c:6371:6:CoreSimpleTouchHandler_OnSetRetargetOffset	0	static
Core.c:6381:6:CoreSimpleTouchHandler_OnSetLimitToFinger	0	static
Core.c:6394:6:CoreSimpleTouchHandler_OnSetMaxStrikeCount	0	static
Core.c:6404:6:CoreSimpleTouchHandler_OnSetEnabled	0	static
Core.c:6469:6:CoreKeyPressHandler_Init	8	static
Core.c:6432:6:CoreKeyPressHandler__Init	16	static
Core.c:6489:7:CoreKeyPressHandler_HandleEvent	16	static
Core.c:2272:9:CoreGroup_processKeyHandlers	16	static
Core.c:3201:9:CoreGroup_DispatchEvent	24	static
Core.c:3305:9:CoreGroup_BroadcastEvent	32	static
Core.c:4050:9:CoreRoot_BroadcastEvent	8	static
Core.c:3989:9:CoreRoot_DispatchEvent	16	static
Core.c:4654:7:CoreRoot_DriveKeyboardHitting	40	static
Core.c:4744:7:CoreRoot__DriveKeyboardHitting	0	static
Core.c:6574:15:CoreCursorHit_Initialize	16	static
Core.c:6936:6:CoreTaskQueue_ScheduleTask	24	static
Core.c:7030:6:CoreTask__OnComplete	0	static
Core.c:6818:6:CoreTaskQueue_completeTask	32	static
Core.c:7093:6:CoreTask_Complete	0	static
Core.c:7051:6:CoreTask__OnCancel	0	static
Core.c:6881:6:CoreTaskQueue_CancelTask	40	static
Core.c:7083:6:CoreTask__OnStart	0	static
Core.c:6839:6:CoreTaskQueue_onDispatchNext	16	static
Core.c:7100:6:CoreTask__Complete	0	static
Core.c:7113:6:CoreTask_Cancel	0	static
Core.c:7074:6:CoreTask_OnStart	0	static
Core.c:7122:7:CoreTask_IsCurrent	0	static
Core.c:3509:6:CoreGroup_FadeGroup	24	static
Core.c:2937:6:CoreGroup_DismissDialog	64	static
Core.c:3079:6:CoreGroup_PresentDialog	88	static
Core.c:2782:6:CoreGroup_SwitchToDialog	112	static
Core.c:7176:6:CoreResource_Done	8	static
Core.c:7163:6:CoreResource__Done	8	static
Core.c:7192:6:CoreResource_Init	16	static
Core.c:7140:6:CoreResource__Init	16	static
Core.c:7263:6:CoreTimer_Done	8	static
Core.c:7250:6:CoreTimer__Done	8	static
Core.c:3871:6:CoreRoot__Done	8	static
Core.c:7274:6:CoreTimer_restart	24	static
Core.c:7308:6:CoreTimer_OnSetPeriod	0	static
Core.c:3836:6:CoreRoot__Init	24	static
Core.c:7323:6:CoreTimer_OnSetBegin	0	static
Core.c:7338:6:CoreTimer_OnSetEnabled	8	static
Core.c:4219:6:CoreRoot_cursorHoldTimerProc	120	static
Core.c:4889:7:CoreRoot_DriveMultiTouchHitting	208	static
Core.c:4865:7:CoreRoot_DriveCursorHitting	16	static
Core.c:4872:7:CoreRoot__DriveCursorHitting	16	static
Core.c:5047:7:CoreRoot__DriveMultiTouchHitting	16	static
Core.c:7372:6:CoreTimer_Trigger	8	static
Core.c:7356:9:CoreTimer_GetCurrentTime	0	static
Core.c:7383:6:CoreTimer__Trigger	0	static
Core.c:7220:15:TimerProc	0	static
