Effects.c:815:6:EffectsEffect_Animate	0	static
Effects.c:950:7:EffectsFader_IsFinished	0	static
Effects.c:974:6:EffectsFader_OnEnd	0	static
Effects.c:1064:7:EffectsVisibilityFader_IsFinished	0	static
Effects.c:1202:14:EffectsTransition_CreatePresentFader	0	static
Effects.c:86:6:EffectsEffect__Init	8	static
Effects.c:839:6:EffectsRectEffect__Init	8	static
Effects.c:900:6:EffectsFader__Init	8	static
Effects.c:1028:6:EffectsVisibilityFader__Init	8	static
Effects.c:1167:6:EffectsTransition__Init	8	static
Effects.c:1288:6:EffectsShowHideTransition__Init	8	static
Effects.c:1503:6:EffectsTimingList__Init	8	static
Effects.c:109:6:EffectsEffect__ReInit	0	static
Effects.c:855:6:EffectsRectEffect__ReInit	0	static
Effects.c:920:6:EffectsFader__ReInit	0	static
Effects.c:1044:6:EffectsVisibilityFader__ReInit	0	static
Effects.c:1180:6:EffectsTransition__ReInit	0	static
Effects.c:1305:6:EffectsShowHideTransition__ReInit	0	static
Effects.c:1516:6:EffectsTimingList__ReInit	0	static
Effects.c:116:6:EffectsEffect__Done	0	static
Effects.c:862:6:EffectsRectEffect__Done	0	static
Effects.c:927:6:EffectsFader__Done	0	static
Effects.c:1051:6:EffectsVisibilityFader__Done	0	static
Effects.c:1187:6:EffectsTransition__Done	0	static
Effects.c:1312:6:EffectsShowHideTransition__Done	0	static
Effects.c:1523:6:EffectsTimingList__Done	0	static
Effects.c:1347:14:EffectsShowHideTransition_CreateDismissFader	8	static
Effects.c:1380:14:EffectsShowHideTransition_CreateOverlayFader	8	static
Effects.c:1327:14:EffectsShowHideTransition_CreatePresentFader	24	static
Effects.c:1611:6:EffectsFaderTask_OnCancel	16	static
Effects.c:872:6:EffectsRectEffect_Animate	72	static
Effects.c:1079:6:EffectsVisibilityFader_OnEnd	48	static
Effects.c:1392:6:EffectsShowHideTransition_onInitializeIn	80	static
Effects.c:1436:6:EffectsEffectTimerClass__Init	8	static
Effects.c:1449:6:EffectsEffectTimerClass__ReInit	0	static
Effects.c:1456:6:EffectsEffectTimerClass__Done	0	static
Effects.c:1469:6:EffectsEffectTimerClass_Trigger	8	static
Effects.c:1492:6:EffectsEffectTimer__Init	8	static
Effects.c:1542:6:EffectsFaderTask__Init	8	static
Effects.c:1555:6:EffectsFaderTask__ReInit	0	static
Effects.c:1562:6:EffectsFaderTask__Done	0	static
Effects.c:68:14:EwCheckIndex.constprop	16	static
Effects.c:1223:14:EffectsTransition_CreateDismissFader	0	static
Effects.c:1797:6:EffectsShowHideCentered__Init	0	static
Effects.c:771:6:EffectsEffect_OnSetNoOfCycles	0	static
Effects.c:780:6:EffectsEffect_OnSetCycleDuration	0	static
Effects.c:790:6:EffectsEffect_OnSetEnabled	40	static
Effects.c:823:6:EffectsEffect__Animate	0	static
Effects.c:169:6:EffectsEffect_run	56	static
Effects.c:529:7:EffectsEffect_runRevRev	24	static
Effects.c:590:7:EffectsEffect_runRevFwd	24	static
Effects.c:650:7:EffectsEffect_runFwdRev	24	static
Effects.c:710:7:EffectsEffect_runFwdFwd	24	static
Effects.c:126:6:EffectsEffect_timerSlot	8	static
Effects.c:940:6:EffectsFader_Complete	0	static
Effects.c:1004:6:EffectsFader_OnStart	0	static
Effects.c:1118:6:EffectsVisibilityFader_OnStart	48	static
Effects.c:959:7:EffectsFader__IsFinished	0	static
Effects.c:1683:6:EffectsFaderTask_Complete	16	static
Effects.c:981:6:EffectsFader__OnEnd	0	static
Effects.c:1578:6:EffectsFaderTask_OnComplete	16	static
Effects.c:1010:6:EffectsFader__OnStart	0	static
Effects.c:1648:6:EffectsFaderTask_OnStart	8	static
Effects.c:1211:14:EffectsTransition__CreatePresentFader	0	static
Effects.c:1245:14:EffectsTransition_CreateRestoreFader	0	static
Effects.c:1365:14:EffectsShowHideTransition_CreateRestoreFader	8	static
Effects.c:1232:14:EffectsTransition__CreateDismissFader	0	static
Effects.c:1263:14:EffectsTransition_CreateOverlayFader	0	static
Effects.c:1251:14:EffectsTransition__CreateRestoreFader	0	static
Effects.c:1269:14:EffectsTransition__CreateOverlayFader	0	static
Effects.c:1695:6:EffectsFaderTask_RemoveFader	16	static
Effects.c:1736:6:EffectsFaderTask_AddFader	16	static
