Resources.c:159:6:ResourcesBitmap_Update	0	static
Resources.c:65:6:ResourcesBitmap__ReInit	0	static
Resources.c:199:6:ResourcesFont__ReInit	0	static
Resources.c:140:6:ResourcesBitmap_OnSetFrameSize	16	static
Resources.c:85:6:ResourcesBitmap_Done	8	static
Resources.c:72:6:ResourcesBitmap__Done	8	static
Resources.c:102:6:ResourcesBitmap_Init	16	static
Resources.c:46:6:ResourcesBitmap__Init	16	static
Resources.c:153:6:ResourcesBitmap__OnSetFrameSize	16	static
Resources.c:166:6:ResourcesBitmap__Update	0	static
Resources.c:219:6:ResourcesFont_Done	8	static
Resources.c:206:6:ResourcesFont__Done	8	static
Resources.c:235:6:ResourcesFont_Init	8	static
Resources.c:183:6:ResourcesFont__Init	16	static
Resources.c:270:8:ResourcesFont_GetFlowTextAdvance	0	static
Resources.c:285:9:ResourcesFont_ParseFlowString	32	static
Resources.c:311:8:ResourcesFont_GetTextAdvance	24	static
Resources.c:331:8:ResourcesFont_OnGetLeading	0	static
Resources.c:337:8:ResourcesFont__OnGetLeading	0	static
Resources.c:343:8:ResourcesFont_OnGetDescent	0	static
Resources.c:349:8:ResourcesFont__OnGetDescent	0	static
Resources.c:355:8:ResourcesFont_OnGetAscent	0	static
Resources.c:361:8:ResourcesFont__OnGetAscent	0	static
