setAlarm.c:507:6:setAlarmbuttonSetAlarm__Init	0	static
setAlarm.c:96:6:setAlarmSetAlarm__Init	128	static
setAlarm.c:256:6:setAlarmSetAlarm__ReInit	8	static
setAlarm.c:289:6:setAlarmSetAlarm__Done	8	static
setAlarm.c:331:6:setAlarmSetAlarm_UpdateLayout	8	static
setAlarm.c:350:6:setAlarmSetAlarm_UpdateViewState	0	static
setAlarm.c:356:6:setAlarmSetAlarm_SlotUpHour	24	static
setAlarm.c:381:6:setAlarmSetAlarm_SlotDoHour	24	static
setAlarm.c:406:6:setAlarmSetAlarm_SlotUpMin	24	static
setAlarm.c:431:6:setAlarmSetAlarm_SlotDoMin	24	static
setAlarm.c:456:6:setAlarmSetAlarm_SlotUpAm	24	static
