ewextrte.c:101:7:EwAlloc	0	static
ewextrte.c:125:6:EwFree	0	static
ewextrte.c:149:5:EwIsMemory	0	static
ewextrte.c:177:6:EwPanic	8	static
ewextrte.c:204:6:EwConsoleOutput	8	static
ewextrte.c:235:6:EwSaveRegister	8	static
ewextrte.c:259:15:EwGetTicks	0	static
ewextrte.c:283:8:EwGetTime	8	static
ewextrte.c:345:6:EwZero	0	static
ewextrte.c:370:6:EwFill	0	static
ewextrte.c:395:6:EwMove	0	static
ewextrte.c:420:6:EwCopy	0	static
ewextrte.c:445:6:EwStrCpy	0	static
ewextrte.c:470:6:EwStrCat	0	static
ewextrte.c:497:5:EwStrCmp	0	static
ewextrte.c:520:5:EwStrLen	0	static
ewextrte.c:540:8:EwMathSin	0	static
ewextrte.c:562:8:EwMathCos	0	static
ewextrte.c:584:8:EwMathTan	0	static
ewextrte.c:607:8:EwMathArcSin	8	static
ewextrte.c:630:8:EwMathArcCos	8	static
ewextrte.c:652:8:EwMathArcTan	8	static
ewextrte.c:674:8:EwMathArcTan2	8	static
ewextrte.c:697:8:EwMathSqrt	0	static
ewextrte.c:719:8:EwMathPow	0	static
ewextrte.c:740:8:EwMathExp	0	static
ewextrte.c:761:8:EwMathLog	0	static
ewextrte.c:782:8:EwMathLog10	0	static
ewextrte.c:805:8:EwMathRandInt32	16	static
ewextrte.c:839:8:EwMathRandFloat	16	static
ewextrte.c:870:8:EwMathRound	0	static
ewextrte.c:890:8:EwMathFloor	0	static
ewextrte.c:911:8:EwMathCeil	0	static
