ft5336.c:137:6:ft5336_Init	8	static
ft5336.c:153:6:ft5336_Reset	0	static
ft5336.c:165:10:ft5336_ReadID	24	static
ft5336.c:197:6:ft5336_TS_Start	0	static
ft5336.c:214:9:ft5336_TS_DetectTouch	16	static
ft5336.c:246:6:ft5336_TS_GetXY	56	static
ft5336.c:374:6:ft5336_TS_EnableIT	0	static
ft5336.c:389:6:ft5336_TS_DisableIT	0	static
ft5336.c:406:9:ft5336_TS_ITStatus	0	static
ft5336.c:419:6:ft5336_TS_ClearIT	0	static
ft5336.c:434:6:ft5336_TS_GetGestureID	16	static
ft5336.c:458:6:ft5336_TS_GetTouchInfo	32	static
